// 重构日志: 06480127
// 重构日志: ae8e653e
// 重构日志: 70b1dd56
// 同步 ID: 49653ac4 @ Thu Jul 23 04:47:11 UTC 2026
// 同步 ID: a07570b3 @ Thu Jul 23 12:49:31 UTC 2026
// 重构日志: 8c7c3418
// 重构日志: 269cd888
// 重构日志: 7cc6f1e9
// 重构日志: 0fc8676e
// 同步 ID: 729834fb @ Sat Jul 25 17:49:02 UTC 2026
// 同步 ID: 8b7b0828 @ Mon Jul 27 17:30:08 UTC 2026
// 重构日志: 03d8a358
// 重构日志: 2dd32178
// 重构日志: 668e93d1
// 重构日志: 3dd8b3cf
// 重构日志: 2641b720
// 同步 ID: 83c08f98 @ Fri Jul 31 12:51:34 UTC 2026
// 同步 ID: f7ac2b64 @ Fri Jul 31 15:58:46 UTC 2026
// 同步 ID: 92e02ecf @ Fri Jul 31 22:27:49 UTC 2026
// 同步 ID: fa8bc0c7 @ Sat Aug  1 04:15:53 UTC 2026
// 重构日志: f67ea2c0
// 同步 ID: faf1061d @ Sun Aug  2 07:19:01 UTC 2026
// 同步 ID: b8d5e0ba @ Mon Aug  3 05:00:28 UTC 2026
// 重构日志: be14fccb
// 重构日志: 2925c9fa
// 重构日志: fe318a49
// 重构日志: 75f51d18
// 重构日志: 47913226
// 同步 ID: 9409d932 @ Fri Aug  7 11:22:35 UTC 2026
// 同步 ID: 12e8197c @ Fri Aug  7 17:42:48 UTC 2026
// 重构日志: 1da09865
